bun install v1.3.14 (0d9b296a)

+ @tailwindcss/postcss@4.3.3
+ @types/node@20.19.43
+ @types/qrcode@1.5.6
+ @types/react@19.2.18
+ @types/react-dom@19.2.4
+ eslint@9.39.5
+ eslint-config-next@16.2.12
+ puppeteer@25.5.0
+ tailwindcss@4.3.3
+ typescript@5.9.3
+ @clerk/nextjs@7.7.1
+ @google/genai@2.16.0
+ @hookform/resolvers@5.7.1
+ @prisma/client@7.9.1
+ @radix-ui/react-avatar@1.2.6
+ @radix-ui/react-dialog@1.1.23
+ @radix-ui/react-dropdown-menu@2.1.24
+ @radix-ui/react-label@2.1.15
+ @radix-ui/react-popover@1.1.23
+ @radix-ui/react-progress@1.1.16
+ @radix-ui/react-select@2.3.7
+ @radix-ui/react-separator@1.1.15
+ @radix-ui/react-slot@1.3.3
+ @radix-ui/react-switch@1.3.7
+ @radix-ui/react-tabs@1.1.21
+ @radix-ui/react-tooltip@1.2.16
+ @supabase/supabase-js@2.112.2
+ @tanstack/react-query@5.101.4
+ class-variance-authority@0.7.1
+ clsx@2.1.1
+ date-fns@4.4.0
+ firebase@12.17.1
+ framer-motion@12.43.0
+ jsqr@1.4.0
+ lucide-react@1.30.0
+ next@16.2.12
+ next-themes@0.4.6
+ prisma@7.9.1
+ qrcode@1.5.4
+ react@19.2.4
+ react-dom@19.2.4
+ react-dropzone@19.3.0
+ react-hook-form@7.85.0
+ react-markdown@10.1.0
+ recharts@3.10.1
+ sonner@2.0.7
+ tailwind-merge@3.6.0
+ zod@4.4.3

762 packages installed [329.63s]
